[33mΓ¥»[39m Building...
[32mΓ£ö[39m Building...
[1mInitial chunk files[22m  [2m | [22m[1mNames[22m        [2m | [22m [1mRaw size[22m[2m | [22m[1mEstimated transfer size[22m
[32mmain-6EYBNER7.js[39m     [2m | [22m[2mmain[22m         [2m | [22m[36m408.14 kB[39m[2m | [22m               [36m97.42 kB[39m
[32mpolyfills-5CFQRCPP.js[39m[2m | [22m[2mpolyfills[22m    [2m | [22m [36m34.59 kB[39m[2m | [22m               [36m11.33 kB[39m
[32mstyles-EC774HHA.css[39m  [2m | [22m[2mstyles[22m       [2m | [22m[36m258 bytes[39m[2m | [22m              [36m258 bytes[39m

[1m [22m                    [2m | [22m[1mInitial total[22m[2m | [22m[1m442.99 kB[22m[2m | [22m              [1m109.01 kB[22m

Application bundle generation failed. [7.789 seconds] - 2026-03-27T05:59:14.916Z

node.exe : [1m[33m[33mΓû▓ 
[43;33m[[43;30mWARNING[43;
33m][0m [1msrc/app/pages/ar
omas/aromas/aromas.css 
exceeded maximum budget. 
Budget 4.00 kB was not met 
by 4.85 kB with a total of 
8.85 kB.[0m
En línea: 1 Carácter: 1
+ & "C:\Program 
Files\nodejs/node.exe" 
"C:\Program 
Files\nodejs/node_mo ...
+ ~~~~~~~~~~~~~~~~~~~~~~~~~~~
~~~~~~~~~~~~~~~~~~~~~~~~~~~~~
~~~~~~~~~~~~~
    + CategoryInfo           
   : NotSpecified: ([1m[3  
  3m[33mΓ...of 8.85 kB.[   
 0m:String) [], RemoteExc    
eption
    + FullyQualifiedErrorId  
   : NativeCommandError
 


[33mΓû▓ [43;33m[[43;30mWAR
NING[43;33m][0m [1msrc/app
/pages/Administrador/agregar-
perfume/agregarperfume/agrega
rperfume.css exceeded 
maximum budget. Budget 4.00 
kB was not met by 6.08 kB 
with a total of 10.08 kB.[0m


[33mΓû▓ [43;33m[[43;30mWAR
NING[43;33m][0m [1mcss-inl
ine-fonts:https://fonts.googl
eapis.com/css2?family=Poppins
:wght@300;400;500;600;700&dis
play=swap exceeded maximum 
budget. Budget 4.00 kB was 
not met by 14.07 kB with a 
total of 18.07 kB.[0m

[39m[22m
[1m[31m[31mX [41;31m[[41
;97mERROR[41;31m][0m [1msr
c/app/pages/aromas/aromas/aro
mas.css exceeded maximum 
budget. Budget 8.00 kB was 
not met by 853 bytes with a 
total of 8.85 kB.[0m


[31mX [41;31m[[41;97mERROR
[41;31m][0m [1msrc/app/pag
es/Administrador/agregar-perf
ume/agregarperfume/agregarper
fume.css exceeded maximum 
budget. Budget 8.00 kB was 
not met by 2.08 kB with a 
total of 10.08 kB.[0m


[31mX [41;31m[[41;97mERROR
[41;31m][0m [1mcss-inline-
fonts:https://fonts.googleapi
s.com/css2?family=Poppins:wgh
t@300;400;500;600;700&display
=swap exceeded maximum 
budget. Budget 8.00 kB was 
not met by 10.07 kB with a 
total of 18.07 kB.[0m

[39m[22m
